// Jest Snapshot v1, https://goo.gl/fbAQLP

exports[`<PlusButton /> should render correctly 1`] = `
ShallowWrapper {
  Symbol(enzyme.__root__): [Circular],
  Symbol(enzyme.__unrendered__): <PlusButton
    click={[MockFunction]}
  />,
  Symbol(enzyme.__renderer__): Object {
    "batchedUpdates": [Function],
    "checkPropTypes": [Function],
    "getNode": [Function],
    "render": [Function],
    "simulateError": [Function],
    "simulateEvent": [Function],
    "unmount": [Function],
  },
  Symbol(enzyme.__node__): Object {
    "instance": null,
    "key": undefined,
    "nodeType": "host",
    "props": Object {
      "children": <i
        className="fas fa-plus"
      />,
      "className": "plus-button",
      "onClick": [MockFunction],
      "onKeyPress": [MockFunction],
      "role": "button",
      "style": Object {
        "fontSize": "8vw",
        "height": "8vw",
        "padding": "0.8vw",
        "width": "8vw",
      },
      "tabIndex": "0",
    },
    "ref": null,
    "rendered": Object {
      "instance": null,
      "key": undefined,
      "nodeType": "host",
      "props": Object {
        "className": "fas fa-plus",
      },
      "ref": null,
      "rendered": null,
      "type": "i",
    },
    "type": "div",
  },
  Symbol(enzyme.__nodes__): Array [
    Object {
      "instance": null,
      "key": undefined,
      "nodeType": "host",
      "props": Object {
        "children": <i
          className="fas fa-plus"
        />,
        "className": "plus-button",
        "onClick": [MockFunction],
        "onKeyPress": [MockFunction],
        "role": "button",
        "style": Object {
          "fontSize": "8vw",
          "height": "8vw",
          "padding": "0.8vw",
          "width": "8vw",
        },
        "tabIndex": "0",
      },
      "ref": null,
      "rendered": Object {
        "instance": null,
        "key": undefined,
        "nodeType": "host",
        "props": Object {
          "className": "fas fa-plus",
        },
        "ref": null,
        "rendered": null,
        "type": "i",
      },
      "type": "div",
    },
  ],
  Symbol(enzyme.__options__): Object {
    "adapter": ReactSixteenAdapter {
      "options": Object {
        "enableComponentDidUpdateOnSetState": true,
        "legacyContextMode": "parent",
        "lifecycles": Object {
          "componentDidUpdate": Object {
            "onSetState": true,
          },
          "getChildContext": Object {
            "calledByRenderer": false,
          },
          "getDerivedStateFromProps": true,
          "getSnapshotBeforeUpdate": true,
          "setState": Object {
            "skipsComponentDidUpdateOnNullish": true,
          },
        },
      },
    },
  },
}
`;
